Nothing to build in platform 'microblaze_axi_led_test_hw'

17:08:37 **** Incremental Build of configuration Debug for project microblaze_aix_led_test_app ****
make all 
'Building file: ../src/helloworld.c'
'Invoking: MicroBlaze gcc compiler'
mb-gcc -Wall -O0 -g3 -c -fmessage-length=0 -MT"src/helloworld.o" -IC:/github/amba_bus/microblaze_axi_led_test_hw/export/microblaze_axi_led_test_hw/sw/microblaze_axi_led_test_hw/standalone_domain/bspinclude/include -mno-xl-reorder -mlittle-endian -mxl-barrel-shift -mxl-pattern-compare -mcpu=v11.0 -mno-xl-soft-mul -Wl,--no-relax -ffunction-sections -fdata-sections -MMD -MP -MF"src/helloworld.d" -MT"src/helloworld.o" -o "src/helloworld.o" "../src/helloworld.c"
../src/helloworld.c: In function 'main':
../src/helloworld.c:70:6: warning: implicit declaration of function 'MB_Sleep' [-Wimplicit-function-declaration]
      MB_Sleep(500);
      ^~~~~~~~
'Finished building: ../src/helloworld.c'
' '
'Building target: microblaze_aix_led_test_app.elf'
'Invoking: MicroBlaze gcc linker'
mb-gcc -Wl,-T -Wl,../src/lscript.ld -LC:/github/amba_bus/microblaze_axi_led_test_hw/export/microblaze_axi_led_test_hw/sw/microblaze_axi_led_test_hw/standalone_domain/bsplib/lib -mlittle-endian -mxl-barrel-shift -mxl-pattern-compare -mcpu=v11.0 -mno-xl-soft-mul -Wl,--no-relax -Wl,--gc-sections -o "microblaze_aix_led_test_app.elf"  ./src/helloworld.o ./src/platform.o   -Wl,--start-group,-lxil,-lgcc,-lc,--end-group
'Finished building target: microblaze_aix_led_test_app.elf'
' '
'Invoking: MicroBlaze Print Size'
mb-size microblaze_aix_led_test_app.elf  |tee "microblaze_aix_led_test_app.elf.size"
   text	   data	    bss	    dec	    hex	filename
   1944	    268	   3108	   5320	   14c8	microblaze_aix_led_test_app.elf
'Finished building: microblaze_aix_led_test_app.elf.size'
' '
17:08:39 **** Incremental Build of configuration Debug for project microblaze_aix_led_test_app_system ****
make all 
Skipping SD card image generation. Reason: "The system project only has applications for microblaze processors."
Nothing to build in platform 'microblaze_axi_test_led_hw'

17:08:39 **** Incremental Build of configuration Debug for project microblaze_axi_test_led_app ****
make all 
make: Nothing to be done for 'all'.
17:08:40 **** Incremental Build of configuration Debug for project microblaze_axi_test_led_app_system ****
make all 
Skipping SD card image generation. Reason: "The system project only has applications for microblaze processors."
