Nothing to build in platform 'm_b_t_a'

15:54:21 **** Incremental Build of configuration Debug for project microblaze_led_on_off_app ****
make all 
'Building file: ../src/helloworld.c'
'Invoking: MicroBlaze gcc compiler'
mb-gcc -Wall -O0 -g3 -c -fmessage-length=0 -MT"src/helloworld.o" -IC:/github/amba_bus/m_b_t_a/export/m_b_t_a/sw/m_b_t_a/standalone_domain/bspinclude/include -mno-xl-reorder -mlittle-endian -mxl-barrel-shift -mxl-pattern-compare -mcpu=v11.0 -mno-xl-soft-mul -Wl,--no-relax -ffunction-sections -fdata-sections -MMD -MP -MF"src/helloworld.d" -MT"src/helloworld.o" -o "src/helloworld.o" "../src/helloworld.c"
../src/helloworld.c: In function 'main':
../src/helloworld.c:70:9: warning: variable 'rdata' set but not used [-Wunused-but-set-variable]
     u32 rdata;
         ^~~~~
'Finished building: ../src/helloworld.c'
' '
'Building file: ../src/platform.c'
'Invoking: MicroBlaze gcc compiler'
mb-gcc -Wall -O0 -g3 -c -fmessage-length=0 -MT"src/platform.o" -IC:/github/amba_bus/m_b_t_a/export/m_b_t_a/sw/m_b_t_a/standalone_domain/bspinclude/include -mno-xl-reorder -mlittle-endian -mxl-barrel-shift -mxl-pattern-compare -mcpu=v11.0 -mno-xl-soft-mul -Wl,--no-relax -ffunction-sections -fdata-sections -MMD -MP -MF"src/platform.d" -MT"src/platform.o" -o "src/platform.o" "../src/platform.c"
'Finished building: ../src/platform.c'
' '
'Building target: microblaze_led_on_off_app.elf'
'Invoking: MicroBlaze gcc linker'
mb-gcc -Wl,-T -Wl,../src/lscript.ld -LC:/github/amba_bus/m_b_t_a/export/m_b_t_a/sw/m_b_t_a/standalone_domain/bsplib/lib -mlittle-endian -mxl-barrel-shift -mxl-pattern-compare -mcpu=v11.0 -mno-xl-soft-mul -Wl,--no-relax -Wl,--gc-sections -o "microblaze_led_on_off_app.elf"  ./src/helloworld.o ./src/platform.o   -Wl,--start-group,-lxil,-lgcc,-lc,--end-group
'Finished building target: microblaze_led_on_off_app.elf'
' '
'Invoking: MicroBlaze Print Size'
mb-size microblaze_led_on_off_app.elf  |tee "microblaze_led_on_off_app.elf.size"
   text	   data	    bss	    dec	    hex	filename
   6124	    632	   3108	   9864	   2688	microblaze_led_on_off_app.elf
'Finished building: microblaze_led_on_off_app.elf.size'
' '
15:54:23 **** Incremental Build of configuration Debug for project microblaze_led_on_off_app_system ****
make all 
Skipping SD card image generation. Reason: "The system project only has applications for microblaze processors."
